94.131.56.0 - - [24/Feb/2024:00:21:24 -0500] "GET / HTTP/1.1" 302 362 stagingdemo.info "-" "Mozilla/5.0 (X11; Linux x86_64) AppleWebKit/537.36 (KHTML, like Gecko) Chrome/114.0.0.0 Safari/537.36 Vivaldi/5.3.2679.68" "-"
94.131.56.0 - - [24/Feb/2024:00:21:24 -0500] "GET /login HTTP/1.1" 200 68846 stagingdemo.info "-" "Mozilla/5.0 (X11; Linux x86_64) AppleWebKit/537.36 (KHTML, like Gecko) Chrome/114.0.0.0 Safari/537.36 Vivaldi/5.3.2679.68" "-"
94.131.56.0 - - [24/Feb/2024:00:21:26 -0500] "GET /pages/about_us HTTP/1.1" 200 67762 stagingdemo.info "http://stagingdemo.info/login" "Mozilla/5.0 (X11; Linux x86_64) AppleWebKit/537.36 (KHTML, like Gecko) Chrome/114.0.0.0 Safari/537.36 Vivaldi/5.3.2679.68" "-"
94.131.56.0 - - [24/Feb/2024:00:21:27 -0500] "GET /storage/uploads/meta/ HTTP/1.1" 403 618 stagingdemo.info "http://stagingdemo.info/login" "Mozilla/5.0 (X11; Linux x86_64) AppleWebKit/537.36 (KHTML, like Gecko) Chrome/114.0.0.0 Safari/537.36 Vivaldi/5.3.2679.68" "-"
166.1.12.0 - - [24/Feb/2024:00:21:27 -0500] "GET /storage/uploads/meta/ HTTP/1.1" 403 618 stagingdemo.info "http://stagingdemo.info/login" "Mozilla/5.0 (X11; Linux x86_64) AppleWebKit/537.36 (KHTML, like Gecko) Chrome/114.0.0.0 Safari/537.36 Vivaldi/5.3.2679.68" "-"
213.170.223.0 - - [24/Feb/2024:00:21:28 -0500] "GET /storage/uploads/meta/ HTTP/1.1" 403 618 stagingdemo.info "http://stagingdemo.info/login" "Mozilla/5.0 (X11; Linux x86_64) AppleWebKit/537.36 (KHTML, like Gecko) Chrome/114.0.0.0 Safari/537.36 Vivaldi/5.3.2679.68" "-"
45.152.177.0 - - [24/Feb/2024:00:21:28 -0500] "GET /storage/uploads/meta/ HTTP/1.1" 403 618 stagingdemo.info "http://stagingdemo.info/login" "Mozilla/5.0 (X11; Linux x86_64) AppleWebKit/537.36 (KHTML, like Gecko) Chrome/114.0.0.0 Safari/537.36 Vivaldi/5.3.2679.68" "-"
74.115.1.0 - - [24/Feb/2024:00:21:28 -0500] "GET /pages/terms_and_conditions HTTP/1.1" 200 67915 stagingdemo.info "http://stagingdemo.info/login" "Mozilla/5.0 (X11; Linux x86_64) AppleWebKit/537.36 (KHTML, like Gecko) Chrome/114.0.0.0 Safari/537.36 Vivaldi/5.3.2679.68" "-"
74.115.1.0 - - [24/Feb/2024:00:21:29 -0500] "GET /login HTTP/1.1" 200 69695 stagingdemo.info "http://stagingdemo.info/login" "Mozilla/5.0 (X11; Linux x86_64) AppleWebKit/537.36 (KHTML, like Gecko) Chrome/114.0.0.0 Safari/537.36 Vivaldi/5.3.2679.68" "-"
74.115.1.0 - - [24/Feb/2024:00:21:30 -0500] "GET /pages/privacy_policy HTTP/1.1" 200 67998 stagingdemo.info "http://stagingdemo.info/login" "Mozilla/5.0 (X11; Linux x86_64) AppleWebKit/537.36 (KHTML, like Gecko) Chrome/114.0.0.0 Safari/537.36 Vivaldi/5.3.2679.68" "-"
74.115.1.0 - - [24/Feb/2024:00:21:31 -0500] "GET /cookie-consent HTTP/1.1" 500 1226531 stagingdemo.info "http://stagingdemo.info/login" "Mozilla/5.0 (X11; Linux x86_64) AppleWebKit/537.36 (KHTML, like Gecko) Chrome/114.0.0.0 Safari/537.36 Vivaldi/5.3.2679.68" "-"
74.115.1.0 - - [24/Feb/2024:00:21:32 -0500] "GET /login/ar HTTP/1.1" 200 69984 stagingdemo.info "http://stagingdemo.info/login" "Mozilla/5.0 (X11; Linux x86_64) AppleWebKit/537.36 (KHTML, like Gecko) Chrome/114.0.0.0 Safari/537.36 Vivaldi/5.3.2679.68" "-"
74.115.1.0 - - [24/Feb/2024:00:21:33 -0500] "GET /login/ar HTTP/1.1" 200 69955 stagingdemo.info "http://stagingdemo.info" "Mozilla/5.0 (X11; Linux x86_64) AppleWebKit/537.36 (KHTML, like Gecko) Chrome/114.0.0.0 Safari/537.36 Vivaldi/5.3.2679.68" "-"
89.104.101.0 - - [24/Feb/2024:00:41:32 -0500] "GET / HTTP/1.1" 302 362 stagingdemo.info "-" "Mozilla/5.0 (Windows NT 10.0; Win64; x64) AppleWebKit/537.36 (KHTML, like Gecko) Chrome/94.0.4606.61 Safari/537.36" "-"
176.53.219.0 - - [24/Feb/2024:00:41:33 -0500] "GET /login HTTP/1.1" 200 64063 stagingdemo.info "-" "Mozilla/5.0 (Windows NT 10.0; Win64; x64) AppleWebKit/537.36 (KHTML, like Gecko) Chrome/94.0.4606.61 Safari/537.36" "-"
176.53.223.0 - - [24/Feb/2024:00:41:33 -0500] "GET /favicon.ico HTTP/1.1" 404 626 stagingdemo.info "-" "Mozilla/5.0 (Windows NT 10.0; Win64; x64) AppleWebKit/537.36 (KHTML, like Gecko) Chrome/94.0.4606.61 Safari/537.36" "-"
80.234.34.0 - - [24/Feb/2024:00:43:53 -0500] "GET / HTTP/1.1" 302 362 stagingdemo.info "stagingdemo.info" "Mozilla/5.0 (X11; Ubuntu; Linux x86_64; rv:65.0) Gecko/20100101 Firefox/65.0" "-"
80.234.34.0 - - [24/Feb/2024:00:43:54 -0500] "GET /login HTTP/1.1" 200 66997 stagingdemo.info "stagingdemo.info" "Mozilla/5.0 (X11; Ubuntu; Linux x86_64; rv:65.0) Gecko/20100101 Firefox/65.0" "-"
176.53.216.0 - - [24/Feb/2024:02:42:35 -0500] "GET / HTTP/1.1" 302 362 stagingdemo.info "-" "Mozilla/5.0 (Windows NT 10.0; Win64; x64) AppleWebKit/537.36 (KHTML, like Gecko) Chrome/94.0.4606.61 Safari/537.36" "-"
176.53.223.0 - - [24/Feb/2024:02:42:39 -0500] "GET /login HTTP/1.1" 200 64035 stagingdemo.info "-" "Mozilla/5.0 (Windows NT 10.0; Win64; x64) AppleWebKit/537.36 (KHTML, like Gecko) Chrome/94.0.4606.61 Safari/537.36" "-"
45.90.60.0 - - [24/Feb/2024:02:42:41 -0500] "GET /favicon.ico HTTP/1.1" 404 626 stagingdemo.info "-" "Mozilla/5.0 (Windows NT 10.0; Win64; x64) AppleWebKit/537.36 (KHTML, like Gecko) Chrome/94.0.4606.61 Safari/537.36" "-"
43.155.160.0 - - [24/Feb/2024:05:02:24 -0500] "GET / HTTP/1.1" 302 378 www.stagingdemo.info "-" "Mozilla/5.0 (iPhone; CPU iPhone OS 13_2_3 like Mac OS X) AppleWebKit/605.1.15 (KHTML, like Gecko) Version/13.0.3 Mobile/15E148 Safari/604.1" "-"
43.155.160.0 - - [24/Feb/2024:05:02:27 -0500] "GET /login HTTP/1.1" 200 66452 www.stagingdemo.info "http://www.stagingdemo.info" "Mozilla/5.0 (iPhone; CPU iPhone OS 13_2_3 like Mac OS X) AppleWebKit/605.1.15 (KHTML, like Gecko) Version/13.0.3 Mobile/15E148 Safari/604.1" "-"
197.220.84.0 - - [24/Feb/2024:05:20:44 -0500] "GET / HTTP/1.1" 302 362 stagingdemo.info "-" "Mozilla/5.0 (Windows NT 10.0; Win64; x64) AppleWebKit/537.36 (KHTML, like Gecko) Chrome/121.0.0.0 Safari/537.36" "-"
45.55.112.0 - - [24/Feb/2024:05:20:44 -0500] "GET / HTTP/1.1" 302 362 stagingdemo.info "74.208.236.126" "Mozilla/5.0 (Windows NT 6.1; WOW64; rv:33.0) Gecko/20100101 Firefox/33.0" "-"
197.220.84.0 - - [24/Feb/2024:05:20:44 -0500] "GET /login HTTP/1.1" 200 67774 stagingdemo.info "-" "Mozilla/5.0 (Windows NT 10.0; Win64; x64) AppleWebKit/537.36 (KHTML, like Gecko) Chrome/121.0.0.0 Safari/537.36" "-"
192.241.137.0 - - [24/Feb/2024:05:20:45 -0500] "GET /login HTTP/1.1" 200 64797 stagingdemo.info "74.208.236.126" "Mozilla/5.0 (Windows NT 6.1; WOW64; rv:33.0) Gecko/20100101 Firefox/33.0" "-"
197.220.84.0 - - [24/Feb/2024:05:20:45 -0500] "GET /js/jquery.min.js HTTP/1.1" 200 88145 stagingdemo.info "http://stagingdemo.info/login" "Mozilla/5.0 (Windows NT 10.0; Win64; x64) AppleWebKit/537.36 (KHTML, like Gecko) Chrome/121.0.0.0 Safari/537.36" "-"
197.220.84.0 - - [24/Feb/2024:05:20:45 -0500] "GET /assets/css/style.css HTTP/1.1" 304 - stagingdemo.info "http://stagingdemo.info/login" "Mozilla/5.0 (Windows NT 10.0; Win64; x64) AppleWebKit/537.36 (KHTML, like Gecko) Chrome/121.0.0.0 Safari/537.36" "-"
197.220.84.0 - - [24/Feb/2024:05:20:45 -0500] "GET /assets/css/custom-auth.css HTTP/1.1" 404 81765 stagingdemo.info "http://stagingdemo.info/login" "Mozilla/5.0 (Windows NT 10.0; Win64; x64) AppleWebKit/537.36 (KHTML, like Gecko) Chrome/121.0.0.0 Safari/537.36" "-"
197.220.84.0 - - [24/Feb/2024:05:20:46 -0500] "GET /css/cookieconsent.css HTTP/1.1" 304 - stagingdemo.info "http://stagingdemo.info/login" "Mozilla/5.0 (Windows NT 10.0; Win64; x64) AppleWebKit/537.36 (KHTML, like Gecko) Chrome/121.0.0.0 Safari/537.36" "-"
197.220.84.0 - - [24/Feb/2024:05:20:46 -0500] "GET /js/cookieconsent.js HTTP/1.1" 200 35978 stagingdemo.info "http://stagingdemo.info/login" "Mozilla/5.0 (Windows NT 10.0; Win64; x64) AppleWebKit/537.36 (KHTML, like Gecko) Chrome/121.0.0.0 Safari/537.36" "-"
197.220.84.0 - - [24/Feb/2024:05:20:46 -0500] "GET /assets/js/vendor-all.js HTTP/1.1" 200 37901 stagingdemo.info "http://stagingdemo.info/login" "Mozilla/5.0 (Windows NT 10.0; Win64; x64) AppleWebKit/537.36 (KHTML, like Gecko) Chrome/121.0.0.0 Safari/537.36" "-"
197.220.84.0 - - [24/Feb/2024:05:20:46 -0500] "GET /_debugbar/assets/javascript?v=1702910122 HTTP/1.1" 200 303772 stagingdemo.info "http://stagingdemo.info/login" "Mozilla/5.0 (Windows NT 10.0; Win64; x64) AppleWebKit/537.36 (KHTML, like Gecko) Chrome/121.0.0.0 Safari/537.36" "-"
197.220.84.0 - - [24/Feb/2024:05:20:47 -0500] "GET /assets/js/plugins/bootstrap.min.js HTTP/1.1" 200 59220 stagingdemo.info "http://stagingdemo.info/login" "Mozilla/5.0 (Windows NT 10.0; Win64; x64) AppleWebKit/537.36 (KHTML, like Gecko) Chrome/121.0.0.0 Safari/537.36" "-"
197.220.84.0 - - [24/Feb/2024:05:20:47 -0500] "GET /assets/js/plugins/feather.min.js HTTP/1.1" 200 75779 stagingdemo.info "http://stagingdemo.info/login" "Mozilla/5.0 (Windows NT 10.0; Win64; x64) AppleWebKit/537.36 (KHTML, like Gecko) Chrome/121.0.0.0 Safari/537.36" "-"
45.55.112.0 - - [24/Feb/2024:05:20:47 -0500] "GET /_debugbar/assets/javascript HTTP/1.1" 200 303772 stagingdemo.info "http://stagingdemo.info/login" "Mozilla/5.0 (Windows NT 6.1; WOW64; rv:33.0) Gecko/20100101 Firefox/33.0" "-"
138.197.170.0 - - [24/Feb/2024:05:20:48 -0500] "GET /assets/js/plugins/feather.min.js HTTP/1.1" 200 75779 stagingdemo.info "http://stagingdemo.info/login" "Mozilla/5.0 (Windows NT 6.1; WOW64; rv:33.0) Gecko/20100101 Firefox/33.0" "-"
197.220.84.0 - - [24/Feb/2024:05:20:51 -0500] "GET /storage/uploads/logo//2-logo-dark.png HTTP/1.1" 200 50962 stagingdemo.info "http://stagingdemo.info/login" "Mozilla/5.0 (Windows NT 10.0; Win64; x64) AppleWebKit/537.36 (KHTML, like Gecko) Chrome/121.0.0.0 Safari/537.36" "-"
102.38.51.0 - - [24/Feb/2024:05:53:58 -0500] "POST /login HTTP/1.1" 302 410 stagingdemo.info "http://stagingdemo.info/login" "Mozilla/5.0 (Windows NT 10.0; Win64; x64) AppleWebKit/537.36 (KHTML, like Gecko) Chrome/121.0.0.0 Safari/537.36" "-"
102.38.51.0 - - [24/Feb/2024:05:53:59 -0500] "GET /account-dashboard HTTP/1.1" 200 315438 stagingdemo.info "http://stagingdemo.info/login" "Mozilla/5.0 (Windows NT 10.0; Win64; x64) AppleWebKit/537.36 (KHTML, like Gecko) Chrome/121.0.0.0 Safari/537.36" "-"
102.38.51.0 - - [24/Feb/2024:05:54:02 -0500] "GET /assets/css/plugins/main.css HTTP/1.1" 304 - stagingdemo.info "http://stagingdemo.info/account-dashboard" "Mozilla/5.0 (Windows NT 10.0; Win64; x64) AppleWebKit/537.36 (KHTML, like Gecko) Chrome/121.0.0.0 Safari/537.36" "-"
102.38.51.0 - - [24/Feb/2024:05:54:02 -0500] "GET /js/html5shiv.js HTTP/1.1" 200 11158 stagingdemo.info "http://stagingdemo.info/account-dashboard" "Mozilla/5.0 (Windows NT 10.0; Win64; x64) AppleWebKit/537.36 (KHTML, like Gecko) Chrome/121.0.0.0 Safari/537.36" "-"
102.38.51.0 - - [24/Feb/2024:05:54:03 -0500] "GET /assets/css/plugins/style.css HTTP/1.1" 304 - stagingdemo.info "http://stagingdemo.info/account-dashboard" "Mozilla/5.0 (Windows NT 10.0; Win64; x64) AppleWebKit/537.36 (KHTML, like Gecko) Chrome/121.0.0.0 Safari/537.36" "-"
102.38.51.0 - - [24/Feb/2024:05:54:03 -0500] "GET /assets/css/plugins/flatpickr.min.css HTTP/1.1" 304 - stagingdemo.info "http://stagingdemo.info/account-dashboard" "Mozilla/5.0 (Windows NT 10.0; Win64; x64) AppleWebKit/537.36 (KHTML, like Gecko) Chrome/121.0.0.0 Safari/537.36" "-"
102.38.51.0 - - [24/Feb/2024:05:54:03 -0500] "GET /assets/css/plugins/bootstrap-switch-button.min.css HTTP/1.1" 304 - stagingdemo.info "http://stagingdemo.info/account-dashboard" "Mozilla/5.0 (Windows NT 10.0; Win64; x64) AppleWebKit/537.36 (KHTML, like Gecko) Chrome/121.0.0.0 Safari/537.36" "-"
102.38.51.0 - - [24/Feb/2024:05:54:03 -0500] "GET /js/jquery.form.js HTTP/1.1" 200 42269 stagingdemo.info "http://stagingdemo.info/account-dashboard" "Mozilla/5.0 (Windows NT 10.0; Win64; x64) AppleWebKit/537.36 (KHTML, like Gecko) Chrome/121.0.0.0 Safari/537.36" "-"
102.38.51.0 - - [24/Feb/2024:05:54:03 -0500] "GET /storage/uploads/avatar/avatar.png HTTP/1.1" 200 165762 stagingdemo.info "http://stagingdemo.info/account-dashboard" "Mozilla/5.0 (Windows NT 10.0; Win64; x64) AppleWebKit/537.36 (KHTML, like Gecko) Chrome/121.0.0.0 Safari/537.36" "-"
102.38.51.0 - - [24/Feb/2024:05:54:04 -0500] "GET /assets/js/plugins/popper.min.js HTTP/1.1" 200 19735 stagingdemo.info "http://stagingdemo.info/account-dashboard" "Mozilla/5.0 (Windows NT 10.0; Win64; x64) AppleWebKit/537.36 (KHTML, like Gecko) Chrome/121.0.0.0 Safari/537.36" "-"
102.38.51.0 - - [24/Feb/2024:05:54:05 -0500] "GET /assets/js/plugins/perfect-scrollbar.min.js HTTP/1.1" 200 19549 stagingdemo.info "http://stagingdemo.info/account-dashboard" "Mozilla/5.0 (Windows NT 10.0; Win64; x64) AppleWebKit/537.36 (KHTML, like Gecko) Chrome/121.0.0.0 Safari/537.36" "-"
102.38.51.0 - - [24/Feb/2024:05:54:05 -0500] "GET /assets/css/plugins/animate.min.css HTTP/1.1" 304 - stagingdemo.info "http://stagingdemo.info/account-dashboard" "Mozilla/5.0 (Windows NT 10.0; Win64; x64) AppleWebKit/537.36 (KHTML, like Gecko) Chrome/121.0.0.0 Safari/537.36" "-"
102.38.51.0 - - [24/Feb/2024:05:54:10 -0500] "GET /assets/js/plugins/simplebar.min.js HTTP/1.1" 200 65923 stagingdemo.info "http://stagingdemo.info/account-dashboard" "Mozilla/5.0 (Windows NT 10.0; Win64; x64) AppleWebKit/537.36 (KHTML, like Gecko) Chrome/121.0.0.0 Safari/537.36" "-"
102.38.51.0 - - [24/Feb/2024:05:54:11 -0500] "GET /js/moment.min.js HTTP/1.1" 200 53324 stagingdemo.info "http://stagingdemo.info/account-dashboard" "Mozilla/5.0 (Windows NT 10.0; Win64; x64) AppleWebKit/537.36 (KHTML, like Gecko) Chrome/121.0.0.0 Safari/537.36" "-"
102.38.51.0 - - [24/Feb/2024:05:54:11 -0500] "GET /assets/js/dash.js HTTP/1.1" 200 29409 stagingdemo.info "http://stagingdemo.info/account-dashboard" "Mozilla/5.0 (Windows NT 10.0; Win64; x64) AppleWebKit/537.36 (KHTML, like Gecko) Chrome/121.0.0.0 Safari/537.36" "-"
102.38.51.0 - - [24/Feb/2024:05:54:11 -0500] "GET /assets/js/plugins/bootstrap-switch-button.min.js HTTP/1.1" 200 4193 stagingdemo.info "http://stagingdemo.info/account-dashboard" "Mozilla/5.0 (Windows NT 10.0; Win64; x64) AppleWebKit/537.36 (KHTML, like Gecko) Chrome/121.0.0.0 Safari/537.36" "-"
102.38.51.0 - - [24/Feb/2024:05:54:11 -0500] "GET /assets/js/plugins/sweetalert2.all.min.js HTTP/1.1" 200 67627 stagingdemo.info "http://stagingdemo.info/account-dashboard" "Mozilla/5.0 (Windows NT 10.0; Win64; x64) AppleWebKit/537.36 (KHTML, like Gecko) Chrome/121.0.0.0 Safari/537.36" "-"
102.38.51.0 - - [24/Feb/2024:05:54:13 -0500] "GET /assets/js/plugins/simple-datatables.js HTTP/1.1" 200 37864 stagingdemo.info "http://stagingdemo.info/account-dashboard" "Mozilla/5.0 (Windows NT 10.0; Win64; x64) AppleWebKit/537.36 (KHTML, like Gecko) Chrome/121.0.0.0 Safari/537.36" "-"
102.38.51.0 - - [24/Feb/2024:05:54:15 -0500] "GET /assets/js/plugins/apexcharts.min.js HTTP/1.1" 200 491823 stagingdemo.info "http://stagingdemo.info/account-dashboard" "Mozilla/5.0 (Windows NT 10.0; Win64; x64) AppleWebKit/537.36 (KHTML, like Gecko) Chrome/121.0.0.0 Safari/537.36" "-"
102.38.51.0 - - [24/Feb/2024:05:54:16 -0500] "GET /assets/js/plugins/main.min.js HTTP/1.1" 200 269288 stagingdemo.info "http://stagingdemo.info/account-dashboard" "Mozilla/5.0 (Windows NT 10.0; Win64; x64) AppleWebKit/537.36 (KHTML, like Gecko) Chrome/121.0.0.0 Safari/537.36" "-"
102.38.51.0 - - [24/Feb/2024:05:54:16 -0500] "GET /assets/js/plugins/choices.min.js HTTP/1.1" 200 81853 stagingdemo.info "http://stagingdemo.info/account-dashboard" "Mozilla/5.0 (Windows NT 10.0; Win64; x64) AppleWebKit/537.36 (KHTML, like Gecko) Chrome/121.0.0.0 Safari/537.36" "-"
102.38.51.0 - - [24/Feb/2024:05:54:45 -0500] "GET /js/jscolor.js HTTP/1.1" 200 52233 stagingdemo.info "http://stagingdemo.info/account-dashboard" "Mozilla/5.0 (Windows NT 10.0; Win64; x64) AppleWebKit/537.36 (KHTML, like Gecko) Chrome/121.0.0.0 Safari/537.36" "-"
102.38.51.0 - - [24/Feb/2024:05:54:48 -0500] "GET /js/popper.min.js HTTP/1.1" 200 21257 stagingdemo.info "http://stagingdemo.info/account-dashboard" "Mozilla/5.0 (Windows NT 10.0; Win64; x64) AppleWebKit/537.36 (KHTML, like Gecko) Chrome/121.0.0.0 Safari/537.36" "-"
102.38.51.0 - - [24/Feb/2024:05:54:49 -0500] "GET /js/custom.js HTTP/1.1" 200 15361 stagingdemo.info "http://stagingdemo.info/account-dashboard" "Mozilla/5.0 (Windows NT 10.0; Win64; x64) AppleWebKit/537.36 (KHTML, like Gecko) Chrome/121.0.0.0 Safari/537.36" "-"
102.38.51.0 - - [24/Feb/2024:05:54:50 -0500] "GET /js/chatify/code.js HTTP/1.1" 200 40745 stagingdemo.info "http://stagingdemo.info/account-dashboard" "Mozilla/5.0 (Windows NT 10.0; Win64; x64) AppleWebKit/537.36 (KHTML, like Gecko) Chrome/121.0.0.0 Safari/537.36" "-"
102.38.51.0 - - [24/Feb/2024:05:54:50 -0500] "GET /assets/js/plugins/flatpickr.min.js HTTP/1.1" 200 50621 stagingdemo.info "http://stagingdemo.info/account-dashboard" "Mozilla/5.0 (Windows NT 10.0; Win64; x64) AppleWebKit/537.36 (KHTML, like Gecko) Chrome/121.0.0.0 Safari/537.36" "-"
102.38.51.0 - - [24/Feb/2024:05:54:50 -0500] "GET /assets/fonts/tabler/tabler-icons.woff2 HTTP/1.1" 200 235232 stagingdemo.info "http://stagingdemo.info/assets/fonts/tabler-icons.min.css" "Mozilla/5.0 (Windows NT 10.0; Win64; x64) AppleWebKit/537.36 (KHTML, like Gecko) Chrome/121.0.0.0 Safari/537.36" "-"
102.38.51.0 - - [24/Feb/2024:05:54:59 -0500] "GET /assets/fonts/tabler/tabler-icons.woff HTTP/1.1" 200 316848 stagingdemo.info "http://stagingdemo.info/assets/fonts/tabler-icons.min.css" "Mozilla/5.0 (Windows NT 10.0; Win64; x64) AppleWebKit/537.36 (KHTML, like Gecko) Chrome/121.0.0.0 Safari/537.36" "-"
102.38.51.0 - - [24/Feb/2024:05:56:15 -0500] "GET /projectlabours?list HTTP/1.1" 200 109296 stagingdemo.info "http://stagingdemo.info/account-dashboard" "Mozilla/5.0 (Windows NT 10.0; Win64; x64) AppleWebKit/537.36 (KHTML, like Gecko) Chrome/121.0.0.0 Safari/537.36" "-"
197.220.84.0 - - [24/Feb/2024:06:21:03 -0500] "GET /project-dashboard HTTP/1.1" 200 141383 stagingdemo.info "http://stagingdemo.info/projectlabours?list" "Mozilla/5.0 (Windows NT 10.0; Win64; x64) AppleWebKit/537.36 (KHTML, like Gecko) Chrome/121.0.0.0 Safari/537.36" "-"
45.55.112.0 - - [24/Feb/2024:06:21:03 -0500] "GET /project-dashboard HTTP/1.1" 302 362 stagingdemo.info "http://stagingdemo.info/projectlabours" "Mozilla/5.0 (Windows NT 6.1; WOW64; rv:33.0) Gecko/20100101 Firefox/33.0" "-"
197.220.84.0 - - [24/Feb/2024:06:21:04 -0500] "GET /storage/projects/1706886394.jpg HTTP/1.1" 200 4763 stagingdemo.info "http://stagingdemo.info/project-dashboard" "Mozilla/5.0 (Windows NT 10.0; Win64; x64) AppleWebKit/537.36 (KHTML, like Gecko) Chrome/121.0.0.0 Safari/537.36" "-"
197.220.84.0 - - [24/Feb/2024:06:21:04 -0500] "GET /assets/js/plugins/apexcharts.min.js HTTP/1.1" 206 1 stagingdemo.info "http://stagingdemo.info/project-dashboard" "Mozilla/5.0 (Windows NT 10.0; Win64; x64) AppleWebKit/537.36 (KHTML, like Gecko) Chrome/121.0.0.0 Safari/537.36" "-"
197.220.84.0 - - [24/Feb/2024:06:21:04 -0500] "GET /js/moment.min.js HTTP/1.1" 206 1 stagingdemo.info "http://stagingdemo.info/project-dashboard" "Mozilla/5.0 (Windows NT 10.0; Win64; x64) AppleWebKit/537.36 (KHTML, like Gecko) Chrome/121.0.0.0 Safari/537.36" "-"
197.220.84.0 - - [24/Feb/2024:06:21:04 -0500] "GET /assets/js/plugins/main.min.js HTTP/1.1" 206 1 stagingdemo.info "http://stagingdemo.info/project-dashboard" "Mozilla/5.0 (Windows NT 10.0; Win64; x64) AppleWebKit/537.36 (KHTML, like Gecko) Chrome/121.0.0.0 Safari/537.36" "-"
197.220.84.0 - - [24/Feb/2024:06:21:04 -0500] "GET /assets/fonts/tabler/tabler-icons.woff2 HTTP/1.1" 206 1 stagingdemo.info "http://stagingdemo.info/assets/fonts/tabler-icons.min.css" "Mozilla/5.0 (Windows NT 10.0; Win64; x64) AppleWebKit/537.36 (KHTML, like Gecko) Chrome/121.0.0.0 Safari/537.36" "-"
197.220.84.0 - - [24/Feb/2024:06:21:04 -0500] "GET /assets/js/plugins/apexcharts.min.js HTTP/1.1" 206 206975 stagingdemo.info "http://stagingdemo.info/project-dashboard" "Mozilla/5.0 (Windows NT 10.0; Win64; x64) AppleWebKit/537.36 (KHTML, like Gecko) Chrome/121.0.0.0 Safari/537.36" "-"
197.220.84.0 - - [24/Feb/2024:06:21:04 -0500] "GET /js/moment.min.js HTTP/1.1" 206 8954 stagingdemo.info "http://stagingdemo.info/project-dashboard" "Mozilla/5.0 (Windows NT 10.0; Win64; x64) AppleWebKit/537.36 (KHTML, like Gecko) Chrome/121.0.0.0 Safari/537.36" "-"
197.220.84.0 - - [24/Feb/2024:06:21:04 -0500] "GET /assets/js/plugins/main.min.js HTTP/1.1" 206 186360 stagingdemo.info "http://stagingdemo.info/project-dashboard" "Mozilla/5.0 (Windows NT 10.0; Win64; x64) AppleWebKit/537.36 (KHTML, like Gecko) Chrome/121.0.0.0 Safari/537.36" "-"
197.220.84.0 - - [24/Feb/2024:06:21:04 -0500] "GET /assets/fonts/tabler/tabler-icons.woff2 HTTP/1.1" 206 213873 stagingdemo.info "http://stagingdemo.info/assets/fonts/tabler-icons.min.css" "Mozilla/5.0 (Windows NT 10.0; Win64; x64) AppleWebKit/537.36 (KHTML, like Gecko) Chrome/121.0.0.0 Safari/537.36" "-"
45.55.112.0 - - [24/Feb/2024:06:21:04 -0500] "GET /assets/fonts/tabler/tabler-icons.woff2 HTTP/1.1" 200 235232 stagingdemo.info "http://stagingdemo.info/assets/fonts/tabler-icons.min.css" "Mozilla/5.0 (Windows NT 6.1; WOW64; rv:33.0) Gecko/20100101 Firefox/33.0" "-"
104.248.75.0 - - [24/Feb/2024:06:21:05 -0500] "GET /assets/js/plugins/main.min.js HTTP/1.1" 200 269288 stagingdemo.info "http://stagingdemo.info/project-dashboard" "Mozilla/5.0 (Windows NT 6.1; WOW64; rv:33.0) Gecko/20100101 Firefox/33.0" "-"
197.220.84.0 - - [24/Feb/2024:06:21:14 -0500] "POST /chats/favorites HTTP/1.1" 200 98 stagingdemo.info "http://stagingdemo.info/project-dashboard" "Mozilla/5.0 (Windows NT 10.0; Win64; x64) AppleWebKit/537.36 (KHTML, like Gecko) Chrome/121.0.0.0 Safari/537.36" "-"
197.220.84.0 - - [24/Feb/2024:06:21:14 -0500] "POST /chats/getContacts HTTP/1.1" 200 2032 stagingdemo.info "http://stagingdemo.info/project-dashboard" "Mozilla/5.0 (Windows NT 10.0; Win64; x64) AppleWebKit/537.36 (KHTML, like Gecko) Chrome/121.0.0.0 Safari/537.36" "-"
161.35.183.0 - - [24/Feb/2024:06:21:14 -0500] "GET /chats/favorites HTTP/1.1" 302 362 stagingdemo.info "http://stagingdemo.info/project-dashboard" "Mozilla/5.0 (Windows NT 6.1; WOW64; rv:33.0) Gecko/20100101 Firefox/33.0" "-"
197.220.84.0 - - [24/Feb/2024:06:21:15 -0500] "GET /_debugbar/open?op=get&id=X8ac91b5f88fa06150d348061a9b5a96d HTTP/1.1" 200 30137 stagingdemo.info "http://stagingdemo.info/project-dashboard" "Mozilla/5.0 (Windows NT 10.0; Win64; x64) AppleWebKit/537.36 (KHTML, like Gecko) Chrome/121.0.0.0 Safari/537.36" "-"
197.220.84.0 - - [24/Feb/2024:06:21:15 -0500] "GET /_debugbar/open?op=get&id=Xad92710c18d90e0ec85a64d43efde397 HTTP/1.1" 200 28953 stagingdemo.info "http://stagingdemo.info/project-dashboard" "Mozilla/5.0 (Windows NT 10.0; Win64; x64) AppleWebKit/537.36 (KHTML, like Gecko) Chrome/121.0.0.0 Safari/537.36" "-"
45.55.112.0 - - [24/Feb/2024:06:21:15 -0500] "GET /_debugbar/open HTTP/1.1" 200 285 stagingdemo.info "http://stagingdemo.info/project-dashboard" "Mozilla/5.0 (Windows NT 6.1; WOW64; rv:33.0) Gecko/20100101 Firefox/33.0" "-"
197.220.84.0 - - [24/Feb/2024:06:23:16 -0500] "GET /users HTTP/1.1" 200 128339 stagingdemo.info "http://stagingdemo.info/project-dashboard" "Mozilla/5.0 (Windows NT 10.0; Win64; x64) AppleWebKit/537.36 (KHTML, like Gecko) Chrome/121.0.0.0 Safari/537.36" "-"
197.220.84.0 - - [24/Feb/2024:06:23:28 -0500] "POST /chats/getContacts HTTP/1.1" 200 2032 stagingdemo.info "http://stagingdemo.info/users" "Mozilla/5.0 (Windows NT 10.0; Win64; x64) AppleWebKit/537.36 (KHTML, like Gecko) Chrome/121.0.0.0 Safari/537.36" "-"
104.248.75.0 - - [24/Feb/2024:06:23:29 -0500] "GET /chats/getContacts HTTP/1.1" 302 362 stagingdemo.info "http://stagingdemo.info/project-dashboard" "Mozilla/5.0 (Windows NT 6.1; WOW64; rv:33.0) Gecko/20100101 Firefox/33.0" "-"
197.220.84.0 - - [24/Feb/2024:06:23:29 -0500] "POST /chats/favorites HTTP/1.1" 200 98 stagingdemo.info "http://stagingdemo.info/users" "Mozilla/5.0 (Windows NT 10.0; Win64; x64) AppleWebKit/537.36 (KHTML, like Gecko) Chrome/121.0.0.0 Safari/537.36" "-"
197.220.84.0 - - [24/Feb/2024:06:23:29 -0500] "GET /_debugbar/open?op=get&id=X172ee624408535a3388c1b1fd104f620 HTTP/1.1" 200 30056 stagingdemo.info "http://stagingdemo.info/users" "Mozilla/5.0 (Windows NT 10.0; Win64; x64) AppleWebKit/537.36 (KHTML, like Gecko) Chrome/121.0.0.0 Safari/537.36" "-"
197.220.84.0 - - [24/Feb/2024:06:23:29 -0500] "GET /_debugbar/open?op=get&id=Xabab59bfef2ee9ff7546889e6521c75c HTTP/1.1" 200 28876 stagingdemo.info "http://stagingdemo.info/users" "Mozilla/5.0 (Windows NT 10.0; Win64; x64) AppleWebKit/537.36 (KHTML, like Gecko) Chrome/121.0.0.0 Safari/537.36" "-"
197.220.84.0 - - [24/Feb/2024:06:23:57 -0500] "GET /users/create HTTP/1.1" 200 1839 stagingdemo.info "http://stagingdemo.info/users" "Mozilla/5.0 (Windows NT 10.0; Win64; x64) AppleWebKit/537.36 (KHTML, like Gecko) Chrome/121.0.0.0 Safari/537.36" "-"
197.220.84.0 - - [24/Feb/2024:06:23:58 -0500] "GET /_debugbar/open?op=get&id=X4d78706e10b42bde5591140e428e3008 HTTP/1.1" 200 31693 stagingdemo.info "http://stagingdemo.info/users" "Mozilla/5.0 (Windows NT 10.0; Win64; x64) AppleWebKit/537.36 (KHTML, like Gecko) Chrome/121.0.0.0 Safari/537.36" "-"
162.243.4.0 - - [24/Feb/2024:06:23:58 -0500] "GET /users/create HTTP/1.1" 302 362 stagingdemo.info "http://stagingdemo.info/users" "Mozilla/5.0 (Windows NT 6.1; WOW64; rv:33.0) Gecko/20100101 Firefox/33.0" "-"
197.220.84.0 - - [24/Feb/2024:06:24:09 -0500] "GET /projectlabours?list HTTP/1.1" 200 109257 stagingdemo.info "http://stagingdemo.info/users" "Mozilla/5.0 (Windows NT 10.0; Win64; x64) AppleWebKit/537.36 (KHTML, like Gecko) Chrome/121.0.0.0 Safari/537.36" "-"
161.35.183.0 - - [24/Feb/2024:06:24:09 -0500] "GET /projectlabours HTTP/1.1" 302 362 stagingdemo.info "http://stagingdemo.info/users" "Mozilla/5.0 (Windows NT 6.1; WOW64; rv:33.0) Gecko/20100101 Firefox/33.0" "-"
197.220.84.0 - - [24/Feb/2024:06:24:15 -0500] "GET /projectlabours?list HTTP/1.1" 200 109282 stagingdemo.info "http://stagingdemo.info/projectlabours?list" "Mozilla/5.0 (Windows NT 10.0; Win64; x64) AppleWebKit/537.36 (KHTML, like Gecko) Chrome/121.0.0.0 Safari/537.36" "-"
197.220.84.0 - - [24/Feb/2024:06:24:21 -0500] "POST /chats/getContacts HTTP/1.1" 200 2032 stagingdemo.info "http://stagingdemo.info/projectlabours?list" "Mozilla/5.0 (Windows NT 10.0; Win64; x64) AppleWebKit/537.36 (KHTML, like Gecko) Chrome/121.0.0.0 Safari/537.36" "-"
197.220.84.0 - - [24/Feb/2024:06:24:21 -0500] "POST /chats/favorites HTTP/1.1" 200 98 stagingdemo.info "http://stagingdemo.info/projectlabours?list" "Mozilla/5.0 (Windows NT 10.0; Win64; x64) AppleWebKit/537.36 (KHTML, like Gecko) Chrome/121.0.0.0 Safari/537.36" "-"
197.220.84.0 - - [24/Feb/2024:06:24:21 -0500] "GET /project-labour-view?view=list&sort=created_at-desc&keyword=&status= HTTP/1.1" 200 3291 stagingdemo.info "http://stagingdemo.info/projectlabours?list" "Mozilla/5.0 (Windows NT 10.0; Win64; x64) AppleWebKit/537.36 (KHTML, like Gecko) Chrome/121.0.0.0 Safari/537.36" "-"
161.35.183.0 - - [24/Feb/2024:06:24:21 -0500] "GET /project-labour-view HTTP/1.1" 302 362 stagingdemo.info "http://stagingdemo.info/projectlabours" "Mozilla/5.0 (Windows NT 6.1; WOW64; rv:33.0) Gecko/20100101 Firefox/33.0" "-"
197.220.84.0 - - [24/Feb/2024:06:24:21 -0500] "GET /_debugbar/open?op=get&id=Xbd90cd8fa4d58999f50dabbe337ed781 HTTP/1.1" 200 30096 stagingdemo.info "http://stagingdemo.info/projectlabours?list" "Mozilla/5.0 (Windows NT 10.0; Win64; x64) AppleWebKit/537.36 (KHTML, like Gecko) Chrome/121.0.0.0 Safari/537.36" "-"
197.220.84.0 - - [24/Feb/2024:06:24:21 -0500] "GET /_debugbar/open?op=get&id=Xac7bd3024b647dda7c04040e77bf04f8 HTTP/1.1" 200 28960 stagingdemo.info "http://stagingdemo.info/projectlabours?list" "Mozilla/5.0 (Windows NT 10.0; Win64; x64) AppleWebKit/537.36 (KHTML, like Gecko) Chrome/121.0.0.0 Safari/537.36" "-"
197.220.84.0 - - [24/Feb/2024:06:24:21 -0500] "GET /_debugbar/open?op=get&id=Xd9c9ec24428ea2e2b4f4910006bcab1f HTTP/1.1" 200 36667 stagingdemo.info "http://stagingdemo.info/projectlabours?list" "Mozilla/5.0 (Windows NT 10.0; Win64; x64) AppleWebKit/537.36 (KHTML, like Gecko) Chrome/121.0.0.0 Safari/537.36" "-"
197.220.84.0 - - [24/Feb/2024:06:24:43 -0500] "GET /projectlabours/2 HTTP/1.1" 200 2630 stagingdemo.info "http://stagingdemo.info/projectlabours?list" "Mozilla/5.0 (Windows NT 10.0; Win64; x64) AppleWebKit/537.36 (KHTML, like Gecko) Chrome/121.0.0.0 Safari/537.36" "-"
197.220.84.0 - - [24/Feb/2024:06:24:44 -0500] "GET /_debugbar/open?op=get&id=Xa5113fbf34f5251a67492ba19cc85e9c HTTP/1.1" 200 34128 stagingdemo.info "http://stagingdemo.info/projectlabours?list" "Mozilla/5.0 (Windows NT 10.0; Win64; x64) AppleWebKit/537.36 (KHTML, like Gecko) Chrome/121.0.0.0 Safari/537.36" "-"
197.220.84.0 - - [24/Feb/2024:07:03:21 -0500] "POST /logout HTTP/1.1" 302 338 stagingdemo.info "http://stagingdemo.info/projectlabours?list" "Mozilla/5.0 (Windows NT 10.0; Win64; x64) AppleWebKit/537.36 (KHTML, like Gecko) Chrome/121.0.0.0 Safari/537.36" "-"
197.220.84.0 - - [24/Feb/2024:07:03:22 -0500] "GET / HTTP/1.1" 302 362 stagingdemo.info "http://stagingdemo.info/projectlabours?list" "Mozilla/5.0 (Windows NT 10.0; Win64; x64) AppleWebKit/537.36 (KHTML, like Gecko) Chrome/121.0.0.0 Safari/537.36" "-"
197.220.84.0 - - [24/Feb/2024:07:03:22 -0500] "GET /login HTTP/1.1" 200 68614 stagingdemo.info "http://stagingdemo.info/projectlabours?list" "Mozilla/5.0 (Windows NT 10.0; Win64; x64) AppleWebKit/537.36 (KHTML, like Gecko) Chrome/121.0.0.0 Safari/537.36" "-"
197.220.84.0 - - [24/Feb/2024:07:03:23 -0500] "GET /assets/css/custom-auth.css HTTP/1.1" 404 81776 stagingdemo.info "http://stagingdemo.info/login" "Mozilla/5.0 (Windows NT 10.0; Win64; x64) AppleWebKit/537.36 (KHTML, like Gecko) Chrome/121.0.0.0 Safari/537.36" "-"
197.220.84.0 - - [24/Feb/2024:07:09:01 -0500] "POST /login HTTP/1.1" 302 410 stagingdemo.info "http://stagingdemo.info/login" "Mozilla/5.0 (Windows NT 10.0; Win64; x64) AppleWebKit/537.36 (KHTML, like Gecko) Chrome/121.0.0.0 Safari/537.36" "-"
197.220.84.0 - - [24/Feb/2024:07:09:01 -0500] "GET /account-dashboard HTTP/1.1" 200 315680 stagingdemo.info "http://stagingdemo.info/login" "Mozilla/5.0 (Windows NT 10.0; Win64; x64) AppleWebKit/537.36 (KHTML, like Gecko) Chrome/121.0.0.0 Safari/537.36" "-"
161.35.183.0 - - [24/Feb/2024:07:09:02 -0500] "GET /account-dashboard HTTP/1.1" 302 362 stagingdemo.info "http://stagingdemo.info/login" "Mozilla/5.0 (Windows NT 6.1; WOW64; rv:33.0) Gecko/20100101 Firefox/33.0" "-"
197.220.84.0 - - [24/Feb/2024:07:09:12 -0500] "POST /chats/favorites HTTP/1.1" 200 98 stagingdemo.info "http://stagingdemo.info/account-dashboard" "Mozilla/5.0 (Windows NT 10.0; Win64; x64) AppleWebKit/537.36 (KHTML, like Gecko) Chrome/121.0.0.0 Safari/537.36" "-"
197.220.84.0 - - [24/Feb/2024:07:09:12 -0500] "POST /chats/getContacts HTTP/1.1" 200 2032 stagingdemo.info "http://stagingdemo.info/account-dashboard" "Mozilla/5.0 (Windows NT 10.0; Win64; x64) AppleWebKit/537.36 (KHTML, like Gecko) Chrome/121.0.0.0 Safari/537.36" "-"
197.220.84.0 - - [24/Feb/2024:07:09:13 -0500] "GET /_debugbar/open?op=get&id=X6cf9593353ea3d5c9ca39361d2934442 HTTP/1.1" 200 30138 stagingdemo.info "http://stagingdemo.info/account-dashboard" "Mozilla/5.0 (Windows NT 10.0; Win64; x64) AppleWebKit/537.36 (KHTML, like Gecko) Chrome/121.0.0.0 Safari/537.36" "-"
197.220.84.0 - - [24/Feb/2024:07:09:13 -0500] "GET /_debugbar/open?op=get&id=X5ed41629ecbd97d4199743d8c4e2cb00 HTTP/1.1" 200 28935 stagingdemo.info "http://stagingdemo.info/account-dashboard" "Mozilla/5.0 (Windows NT 10.0; Win64; x64) AppleWebKit/537.36 (KHTML, like Gecko) Chrome/121.0.0.0 Safari/537.36" "-"
197.220.84.0 - - [24/Feb/2024:07:11:16 -0500] "GET /account-dashboard HTTP/1.1" 200 315560 stagingdemo.info "http://stagingdemo.info/login" "Mozilla/5.0 (Windows NT 10.0; Win64; x64) AppleWebKit/537.36 (KHTML, like Gecko) Chrome/121.0.0.0 Safari/537.36" "-"
197.220.84.0 - - [24/Feb/2024:07:11:28 -0500] "GET /projectlabours?list HTTP/1.1" 200 109272 stagingdemo.info "http://stagingdemo.info/account-dashboard" "Mozilla/5.0 (Windows NT 10.0; Win64; x64) AppleWebKit/537.36 (KHTML, like Gecko) Chrome/121.0.0.0 Safari/537.36" "-"
197.220.84.0 - - [24/Feb/2024:07:11:29 -0500] "POST /chats/getContacts HTTP/1.1" 200 2032 stagingdemo.info "http://stagingdemo.info/projectlabours?list" "Mozilla/5.0 (Windows NT 10.0; Win64; x64) AppleWebKit/537.36 (KHTML, like Gecko) Chrome/121.0.0.0 Safari/537.36" "-"
197.220.84.0 - - [24/Feb/2024:07:11:29 -0500] "GET /project-labour-view?view=list&sort=created_at-desc&keyword=&status= HTTP/1.1" 200 3291 stagingdemo.info "http://stagingdemo.info/projectlabours?list" "Mozilla/5.0 (Windows NT 10.0; Win64; x64) AppleWebKit/537.36 (KHTML, like Gecko) Chrome/121.0.0.0 Safari/537.36" "-"
197.220.84.0 - - [24/Feb/2024:07:11:29 -0500] "GET /storage/uploads/logo/favicon.png HTTP/1.1" 200 7031 stagingdemo.info "http://stagingdemo.info/projectlabours?list" "Mozilla/5.0 (Windows NT 10.0; Win64; x64) AppleWebKit/537.36 (KHTML, like Gecko) Chrome/121.0.0.0 Safari/537.36" "-"
197.220.84.0 - - [24/Feb/2024:07:11:29 -0500] "POST /chats/favorites HTTP/1.1" 200 98 stagingdemo.info "http://stagingdemo.info/projectlabours?list" "Mozilla/5.0 (Windows NT 10.0; Win64; x64) AppleWebKit/537.36 (KHTML, like Gecko) Chrome/121.0.0.0 Safari/537.36" "-"
197.220.84.0 - - [24/Feb/2024:07:11:29 -0500] "GET /_debugbar/open?op=get&id=Xb1c06e6f79757c0fdfe97b6efcf9ede5 HTTP/1.1" 200 36677 stagingdemo.info "http://stagingdemo.info/projectlabours?list" "Mozilla/5.0 (Windows NT 10.0; Win64; x64) AppleWebKit/537.36 (KHTML, like Gecko) Chrome/121.0.0.0 Safari/537.36" "-"
197.220.84.0 - - [24/Feb/2024:07:11:29 -0500] "GET /_debugbar/open?op=get&id=X5a40972f70f0f0ecddaeeafb53c4b390 HTTP/1.1" 200 30179 stagingdemo.info "http://stagingdemo.info/projectlabours?list" "Mozilla/5.0 (Windows NT 10.0; Win64; x64) AppleWebKit/537.36 (KHTML, like Gecko) Chrome/121.0.0.0 Safari/537.36" "-"
197.220.84.0 - - [24/Feb/2024:07:11:30 -0500] "GET /_debugbar/open?op=get&id=X477c3a5bbba1bed50661ffec396858a5 HTTP/1.1" 200 28951 stagingdemo.info "http://stagingdemo.info/projectlabours?list" "Mozilla/5.0 (Windows NT 10.0; Win64; x64) AppleWebKit/537.36 (KHTML, like Gecko) Chrome/121.0.0.0 Safari/537.36" "-"
54.187.201.0 - - [24/Feb/2024:08:05:21 -0500] "GET / HTTP/1.1" 302 362 stagingdemo.info "-" "Mozilla/5.0 (X11; Linux x86_64) AppleWebKit/537.36 (KHTML, like Gecko) Chrome/83.0.4103.97 Safari/537.36" "-"
54.187.201.0 - - [24/Feb/2024:08:05:22 -0500] "GET /login HTTP/1.1" 200 63574 stagingdemo.info "-" "Mozilla/5.0 (X11; Linux x86_64) AppleWebKit/537.36 (KHTML, like Gecko) Chrome/83.0.4103.97 Safari/537.36" "-"
185.220.101.0 - - [24/Feb/2024:08:15:03 -0500] "GET / HTTP/1.1" 302 362 stagingdemo.info "http://stagingdemo.info" "Mozilla/5.0 (iPhone; CPU iPhone OS 12_0_1 like Mac OS X) AppleWebKit/605.1.15 (KHTML, like Gecko) Version/12.0 Mobile/15E148 Safari/604.1" "-"
185.220.101.0 - - [24/Feb/2024:08:15:05 -0500] "GET /login HTTP/1.1" 200 66055 stagingdemo.info "http://stagingdemo.info" "Mozilla/5.0 (iPhone; CPU iPhone OS 12_0_1 like Mac OS X) AppleWebKit/605.1.15 (KHTML, like Gecko) Version/12.0 Mobile/15E148 Safari/604.1" "-"
18.200.240.0 - - [24/Feb/2024:09:51:17 -0500] "GET / HTTP/1.1" 302 362 stagingdemo.info "-" "Mozilla/5.0 (Windows NT 10.0; Win64; x64) AppleWebKit/537.36 (KHTML, like Gecko) Chrome/103.0.5060.66 Safari/537.36 Edg/103.0.1264.44" "-"
18.200.240.0 - - [24/Feb/2024:09:51:17 -0500] "GET /login HTTP/1.1" 200 66762 stagingdemo.info "-" "Mozilla/5.0 (Windows NT 10.0; Win64; x64) AppleWebKit/537.36 (KHTML, like Gecko) Chrome/103.0.5060.66 Safari/537.36 Edg/103.0.1264.44" "-"
18.200.240.0 - - [24/Feb/2024:09:51:17 -0500] "GET /js/jquery.min.js HTTP/1.1" 200 88145 stagingdemo.info "http://stagingdemo.info/login" "Mozilla/5.0 (Windows NT 10.0; Win64; x64) AppleWebKit/537.36 (KHTML, like Gecko) Chrome/103.0.5060.66 Safari/537.36 Edg/103.0.1264.44" "-"
18.200.240.0 - - [24/Feb/2024:09:51:18 -0500] "GET /assets/fonts/tabler-icons.min.css HTTP/1.1" 200 51189 stagingdemo.info "http://stagingdemo.info/login" "Mozilla/5.0 (Windows NT 10.0; Win64; x64) AppleWebKit/537.36 (KHTML, like Gecko) Chrome/103.0.5060.66 Safari/537.36 Edg/103.0.1264.44" "-"
18.200.240.0 - - [24/Feb/2024:09:51:18 -0500] "GET /assets/fonts/feather.css HTTP/1.1" 200 13222 stagingdemo.info "http://stagingdemo.info/login" "Mozilla/5.0 (Windows NT 10.0; Win64; x64) AppleWebKit/537.36 (KHTML, like Gecko) Chrome/103.0.5060.66 Safari/537.36 Edg/103.0.1264.44" "-"
18.200.240.0 - - [24/Feb/2024:09:51:18 -0500] "GET /assets/fonts/material.css HTTP/1.1" 200 537 stagingdemo.info "http://stagingdemo.info/login" "Mozilla/5.0 (Windows NT 10.0; Win64; x64) AppleWebKit/537.36 (KHTML, like Gecko) Chrome/103.0.5060.66 Safari/537.36 Edg/103.0.1264.44" "-"
18.200.240.0 - - [24/Feb/2024:09:51:18 -0500] "GET /assets/fonts/fontawesome.css HTTP/1.1" 200 66034 stagingdemo.info "http://stagingdemo.info/login" "Mozilla/5.0 (Windows NT 10.0; Win64; x64) AppleWebKit/537.36 (KHTML, like Gecko) Chrome/103.0.5060.66 Safari/537.36 Edg/103.0.1264.44" "-"
18.200.240.0 - - [24/Feb/2024:09:51:18 -0500] "GET /assets/css/style.css HTTP/1.1" 200 480868 stagingdemo.info "http://stagingdemo.info/login" "Mozilla/5.0 (Windows NT 10.0; Win64; x64) AppleWebKit/537.36 (KHTML, like Gecko) Chrome/103.0.5060.66 Safari/537.36 Edg/103.0.1264.44" "-"
18.200.240.0 - - [24/Feb/2024:09:51:18 -0500] "GET /assets/css/customizer.css HTTP/1.1" 200 110706 stagingdemo.info "http://stagingdemo.info/login" "Mozilla/5.0 (Windows NT 10.0; Win64; x64) AppleWebKit/537.36 (KHTML, like Gecko) Chrome/103.0.5060.66 Safari/537.36 Edg/103.0.1264.44" "-"
18.200.240.0 - - [24/Feb/2024:09:51:18 -0500] "GET /css/custom.css HTTP/1.1" 200 7061 stagingdemo.info "http://stagingdemo.info/login" "Mozilla/5.0 (Windows NT 10.0; Win64; x64) AppleWebKit/537.36 (KHTML, like Gecko) Chrome/103.0.5060.66 Safari/537.36 Edg/103.0.1264.44" "-"
18.200.240.0 - - [24/Feb/2024:09:51:18 -0500] "GET /assets/css/custom-auth.css HTTP/1.1" 404 81147 stagingdemo.info "http://stagingdemo.info/login" "Mozilla/5.0 (Windows NT 10.0; Win64; x64) AppleWebKit/537.36 (KHTML, like Gecko) Chrome/103.0.5060.66 Safari/537.36 Edg/103.0.1264.44" "-"
18.200.240.0 - - [24/Feb/2024:09:51:18 -0500] "GET /css/cookieconsent.css HTTP/1.1" 200 18803 stagingdemo.info "http://stagingdemo.info/login" "Mozilla/5.0 (Windows NT 10.0; Win64; x64) AppleWebKit/537.36 (KHTML, like Gecko) Chrome/103.0.5060.66 Safari/537.36 Edg/103.0.1264.44" "-"
18.200.240.0 - - [24/Feb/2024:09:51:18 -0500] "GET /js/cookieconsent.js HTTP/1.1" 200 35978 stagingdemo.info "http://stagingdemo.info/login" "Mozilla/5.0 (Windows NT 10.0; Win64; x64) AppleWebKit/537.36 (KHTML, like Gecko) Chrome/103.0.5060.66 Safari/537.36 Edg/103.0.1264.44" "-"
18.200.240.0 - - [24/Feb/2024:09:51:18 -0500] "GET /assets/js/vendor-all.js HTTP/1.1" 200 37901 stagingdemo.info "http://stagingdemo.info/login" "Mozilla/5.0 (Windows NT 10.0; Win64; x64) AppleWebKit/537.36 (KHTML, like Gecko) Chrome/103.0.5060.66 Safari/537.36 Edg/103.0.1264.44" "-"
18.200.240.0 - - [24/Feb/2024:09:51:18 -0500] "GET /_debugbar/assets/stylesheets?v=1702910122&theme=auto HTTP/1.1" 200 242261 stagingdemo.info "http://stagingdemo.info/login" "Mozilla/5.0 (Windows NT 10.0; Win64; x64) AppleWebKit/537.36 (KHTML, like Gecko) Chrome/103.0.5060.66 Safari/537.36 Edg/103.0.1264.44" "-"
18.200.240.0 - - [24/Feb/2024:09:51:18 -0500] "GET /assets/js/plugins/bootstrap.min.js HTTP/1.1" 200 59220 stagingdemo.info "http://stagingdemo.info/login" "Mozilla/5.0 (Windows NT 10.0; Win64; x64) AppleWebKit/537.36 (KHTML, like Gecko) Chrome/103.0.5060.66 Safari/537.36 Edg/103.0.1264.44" "-"
18.200.240.0 - - [24/Feb/2024:09:51:18 -0500] "GET /_debugbar/assets/javascript?v=1702910122 HTTP/1.1" 200 303772 stagingdemo.info "http://stagingdemo.info/login" "Mozilla/5.0 (Windows NT 10.0; Win64; x64) AppleWebKit/537.36 (KHTML, like Gecko) Chrome/103.0.5060.66 Safari/537.36 Edg/103.0.1264.44" "-"
18.200.240.0 - - [24/Feb/2024:09:51:18 -0500] "GET /assets/js/plugins/feather.min.js HTTP/1.1" 200 75779 stagingdemo.info "http://stagingdemo.info/login" "Mozilla/5.0 (Windows NT 10.0; Win64; x64) AppleWebKit/537.36 (KHTML, like Gecko) Chrome/103.0.5060.66 Safari/537.36 Edg/103.0.1264.44" "-"
18.200.240.0 - - [24/Feb/2024:09:51:19 -0500] "GET /storage/uploads/logo//2-logo-dark.png HTTP/1.1" 200 50962 stagingdemo.info "http://stagingdemo.info/login" "Mozilla/5.0 (Windows NT 10.0; Win64; x64) AppleWebKit/537.36 (KHTML, like Gecko) Chrome/103.0.5060.66 Safari/537.36 Edg/103.0.1264.44" "-"
3.229.147.0 - - [24/Feb/2024:09:51:19 -0500] "GET /storage/uploads/logo//favicon.png HTTP/1.1" 200 7031 stagingdemo.info "-" "Mozilla/5.0 (Windows NT 6.3; WOW64; rv:38.0) Gecko/20100101 Firefox/38.0" "-"
3.229.147.0 - - [24/Feb/2024:09:51:20 -0500] "GET /favicon.ico HTTP/1.1" 404 626 stagingdemo.info "-" "Mozilla/5.0 (Windows NT 6.3; WOW64; rv:38.0) Gecko/20100101 Firefox/38.0" "-"
43.131.248.0 - - [24/Feb/2024:10:10:43 -0500] "GET / HTTP/1.1" 302 378 www.stagingdemo.info "-" "Mozilla/5.0 (iPhone; CPU iPhone OS 13_2_3 like Mac OS X) AppleWebKit/605.1.15 (KHTML, like Gecko) Version/13.0.3 Mobile/15E148 Safari/604.1" "-"
43.131.248.0 - - [24/Feb/2024:10:10:44 -0500] "GET /login HTTP/1.1" 200 66516 www.stagingdemo.info "http://www.stagingdemo.info" "Mozilla/5.0 (iPhone; CPU iPhone OS 13_2_3 like Mac OS X) AppleWebKit/605.1.15 (KHTML, like Gecko) Version/13.0.3 Mobile/15E148 Safari/604.1" "-"
54.234.76.0 - - [24/Feb/2024:11:05:55 -0500] "GET / HTTP/1.1" 302 362 stagingdemo.info "-" "Mozilla/5.0 (Macintosh; Intel Mac OS X 10_15_5) AppleWebKit/537.36 (KHTML, like Gecko) Chrome/95.0.4638.54 Safari/537.36" "-"
54.234.76.0 - - [24/Feb/2024:11:05:55 -0500] "GET /login HTTP/1.1" 200 66728 stagingdemo.info "-" "Mozilla/5.0 (Macintosh; Intel Mac OS X 10_15_5) AppleWebKit/537.36 (KHTML, like Gecko) Chrome/95.0.4638.54 Safari/537.36" "-"
178.162.196.0 - - [24/Feb/2024:11:55:00 -0500] "GET /wp-content/themes/bricks/assets/js/feedback.min.js HTTP/1.1" 404 626 stagingdemo.info "-" "Mozilla/5.0 (Windows NT 10.0; Win64; x64) AppleWebKit/537.36 (KHTML, like Gecko) Chrome/83.0.4103.97 Safari/537.36" "-"
178.162.196.0 - - [24/Feb/2024:11:55:00 -0500] "GET /wp-content/themes/bricks/assets/js/feedback.min.js HTTP/1.1" 404 626 stagingdemo.info "-" "Mozilla/5.0 (Linux; Android 7.1.1; Nokia 2) AppleWebKit/537.36 (KHTML, like Gecko) Chrome/71.0.3578.83 Mobile Safari/537.36" "-"
178.162.196.0 - - [24/Feb/2024:11:55:00 -0500] "GET /wp-content/themes/bricks/assets/js/feedback.min.js HTTP/1.1" 404 626 stagingdemo.info "-" "Mozilla/5.0 (Windows NT 10.0; Win64; x64) AppleWebKit/537.36 (KHTML, like Gecko) Chrome/84.0.4147.135 Safari/537.36" "-"
43.153.93.0 - - [24/Feb/2024:13:19:10 -0500] "GET / HTTP/1.1" 302 362 stagingdemo.info "-" "Mozilla/5.0 (iPhone; CPU iPhone OS 13_2_3 like Mac OS X) AppleWebKit/605.1.15 (KHTML, like Gecko) Version/13.0.3 Mobile/15E148 Safari/604.1" "-"
43.153.93.0 - - [24/Feb/2024:13:19:10 -0500] "GET /login HTTP/1.1" 200 66368 stagingdemo.info "http://stagingdemo.info" "Mozilla/5.0 (iPhone; CPU iPhone OS 13_2_3 like Mac OS X) AppleWebKit/605.1.15 (KHTML, like Gecko) Version/13.0.3 Mobile/15E148 Safari/604.1" "-"
50.62.138.0 - - [24/Feb/2024:13:19:44 -0500] "GET /wp-login.php HTTP/1.1" 404 71579 stagingdemo.info "-" "Mozilla/5.0 (X11; Fedora; Linux x86_64; rv:94.0) Gecko/20100101 Firefox/95.0" "-"
146.70.205.0 - - [24/Feb/2024:14:13:10 -0500] "GET / HTTP/1.1" 302 362 stagingdemo.info "-" "Mozilla/5.0 (Windows NT 10.0; Win64; x64) AppleWebKit/537.36 (KHTML, like Gecko) Chrome/78.0.3904.108 Safari/537.36" "-"
146.70.205.0 - - [24/Feb/2024:14:13:10 -0500] "GET /login HTTP/1.1" 200 66342 stagingdemo.info "-" "Mozilla/5.0 (Windows NT 10.0; Win64; x64) AppleWebKit/537.36 (KHTML, like Gecko) Chrome/78.0.3904.108 Safari/537.36" "-"
146.70.205.0 - - [24/Feb/2024:14:13:11 -0500] "GET /login/wp-includes/wlwmanifest.xml HTTP/1.1" 404 75208 stagingdemo.info "-" "Mozilla/5.0 (Windows NT 10.0; Win64; x64) AppleWebKit/537.36 (KHTML, like Gecko) Chrome/78.0.3904.108 Safari/537.36" "-"
146.70.205.0 - - [24/Feb/2024:14:13:12 -0500] "GET /login/xmlrpc.php?rsd HTTP/1.1" 500 1330656 stagingdemo.info "-" "Mozilla/5.0 (Windows NT 10.0; Win64; x64) AppleWebKit/537.36 (KHTML, like Gecko) Chrome/78.0.3904.108 Safari/537.36" "-"
146.70.205.0 - - [24/Feb/2024:14:13:13 -0500] "GET / HTTP/1.1" 302 362 stagingdemo.info "-" "Mozilla/5.0 (Windows NT 10.0; Win64; x64) AppleWebKit/537.36 (KHTML, like Gecko) Chrome/78.0.3904.108 Safari/537.36" "-"
146.70.205.0 - - [24/Feb/2024:14:13:13 -0500] "GET /login HTTP/1.1" 200 66334 stagingdemo.info "-" "Mozilla/5.0 (Windows NT 10.0; Win64; x64) AppleWebKit/537.36 (KHTML, like Gecko) Chrome/78.0.3904.108 Safari/537.36" "-"
146.70.205.0 - - [24/Feb/2024:14:13:14 -0500] "GET /login HTTP/1.1" 200 66330 stagingdemo.info "-" "Mozilla/5.0 (Windows NT 10.0; Win64; x64) AppleWebKit/537.36 (KHTML, like Gecko) Chrome/78.0.3904.108 Safari/537.36" "-"
146.70.205.0 - - [24/Feb/2024:14:13:14 -0500] "GET /login/blog/wp-includes/wlwmanifest.xml HTTP/1.1" 404 75271 stagingdemo.info "-" "Mozilla/5.0 (Windows NT 10.0; Win64; x64) AppleWebKit/537.36 (KHTML, like Gecko) Chrome/78.0.3904.108 Safari/537.36" "-"
146.70.205.0 - - [24/Feb/2024:14:13:14 -0500] "GET /login/wp-includes/wlwmanifest.xml HTTP/1.1" 404 75211 stagingdemo.info "-" "Mozilla/5.0 (Windows NT 10.0; Win64; x64) AppleWebKit/537.36 (KHTML, like Gecko) Chrome/78.0.3904.108 Safari/537.36" "-"
146.70.205.0 - - [24/Feb/2024:14:13:15 -0500] "GET /login/web/wp-includes/wlwmanifest.xml HTTP/1.1" 404 75264 stagingdemo.info "-" "Mozilla/5.0 (Windows NT 10.0; Win64; x64) AppleWebKit/537.36 (KHTML, like Gecko) Chrome/78.0.3904.108 Safari/537.36" "-"
146.70.205.0 - - [24/Feb/2024:14:13:15 -0500] "GET /login/xmlrpc.php?rsd HTTP/1.1" 500 1330648 stagingdemo.info "-" "Mozilla/5.0 (Windows NT 10.0; Win64; x64) AppleWebKit/537.36 (KHTML, like Gecko) Chrome/78.0.3904.108 Safari/537.36" "-"
146.70.205.0 - - [24/Feb/2024:14:13:15 -0500] "GET /login/wordpress/wp-includes/wlwmanifest.xml HTTP/1.1" 404 75320 stagingdemo.info "-" "Mozilla/5.0 (Windows NT 10.0; Win64; x64) AppleWebKit/537.36 (KHTML, like Gecko) Chrome/78.0.3904.108 Safari/537.36" "-"
146.70.205.0 - - [24/Feb/2024:14:13:16 -0500] "GET /login/website/wp-includes/wlwmanifest.xml HTTP/1.1" 404 75297 stagingdemo.info "-" "Mozilla/5.0 (Windows NT 10.0; Win64; x64) AppleWebKit/537.36 (KHTML, like Gecko) Chrome/78.0.3904.108 Safari/537.36" "-"
146.70.205.0 - - [24/Feb/2024:14:13:16 -0500] "GET /login HTTP/1.1" 200 66317 stagingdemo.info "-" "Mozilla/5.0 (Windows NT 10.0; Win64; x64) AppleWebKit/537.36 (KHTML, like Gecko) Chrome/78.0.3904.108 Safari/537.36" "-"
146.70.205.0 - - [24/Feb/2024:14:13:17 -0500] "GET /login/wp/wp-includes/wlwmanifest.xml HTTP/1.1" 404 75248 stagingdemo.info "-" "Mozilla/5.0 (Windows NT 10.0; Win64; x64) AppleWebKit/537.36 (KHTML, like Gecko) Chrome/78.0.3904.108 Safari/537.36" "-"
146.70.205.0 - - [24/Feb/2024:14:13:17 -0500] "GET /login/blog/wp-includes/wlwmanifest.xml HTTP/1.1" 404 75264 stagingdemo.info "-" "Mozilla/5.0 (Windows NT 10.0; Win64; x64) AppleWebKit/537.36 (KHTML, like Gecko) Chrome/78.0.3904.108 Safari/537.36" "-"
146.70.205.0 - - [24/Feb/2024:14:13:17 -0500] "GET /login/news/wp-includes/wlwmanifest.xml HTTP/1.1" 404 75262 stagingdemo.info "-" "Mozilla/5.0 (Windows NT 10.0; Win64; x64) AppleWebKit/537.36 (KHTML, like Gecko) Chrome/78.0.3904.108 Safari/537.36" "-"
146.70.205.0 - - [24/Feb/2024:14:13:18 -0500] "GET /login/web/wp-includes/wlwmanifest.xml HTTP/1.1" 404 75254 stagingdemo.info "-" "Mozilla/5.0 (Windows NT 10.0; Win64; x64) AppleWebKit/537.36 (KHTML, like Gecko) Chrome/78.0.3904.108 Safari/537.36" "-"
146.70.205.0 - - [24/Feb/2024:14:13:18 -0500] "GET /login/2018/wp-includes/wlwmanifest.xml HTTP/1.1" 404 75262 stagingdemo.info "-" "Mozilla/5.0 (Windows NT 10.0; Win64; x64) AppleWebKit/537.36 (KHTML, like Gecko) Chrome/78.0.3904.108 Safari/537.36" "-"
146.70.205.0 - - [24/Feb/2024:14:13:18 -0500] "GET /login/wordpress/wp-includes/wlwmanifest.xml HTTP/1.1" 404 75316 stagingdemo.info "-" "Mozilla/5.0 (Windows NT 10.0; Win64; x64) AppleWebKit/537.36 (KHTML, like Gecko) Chrome/78.0.3904.108 Safari/537.36" "-"
146.70.205.0 - - [24/Feb/2024:14:13:19 -0500] "GET /login/2019/wp-includes/wlwmanifest.xml HTTP/1.1" 404 75267 stagingdemo.info "-" "Mozilla/5.0 (Windows NT 10.0; Win64; x64) AppleWebKit/537.36 (KHTML, like Gecko) Chrome/78.0.3904.108 Safari/537.36" "-"
146.70.205.0 - - [24/Feb/2024:14:13:19 -0500] "GET /login/website/wp-includes/wlwmanifest.xml HTTP/1.1" 404 75291 stagingdemo.info "-" "Mozilla/5.0 (Windows NT 10.0; Win64; x64) AppleWebKit/537.36 (KHTML, like Gecko) Chrome/78.0.3904.108 Safari/537.36" "-"
146.70.205.0 - - [24/Feb/2024:14:13:19 -0500] "GET /login/shop/wp-includes/wlwmanifest.xml HTTP/1.1" 404 75260 stagingdemo.info "-" "Mozilla/5.0 (Windows NT 10.0; Win64; x64) AppleWebKit/537.36 (KHTML, like Gecko) Chrome/78.0.3904.108 Safari/537.36" "-"
146.70.205.0 - - [24/Feb/2024:14:13:19 -0500] "GET /login/wp/wp-includes/wlwmanifest.xml HTTP/1.1" 404 75257 stagingdemo.info "-" "Mozilla/5.0 (Windows NT 10.0; Win64; x64) AppleWebKit/537.36 (KHTML, like Gecko) Chrome/78.0.3904.108 Safari/537.36" "-"
146.70.205.0 - - [24/Feb/2024:14:13:20 -0500] "GET /login/wp1/wp-includes/wlwmanifest.xml HTTP/1.1" 404 75258 stagingdemo.info "-" "Mozilla/5.0 (Windows NT 10.0; Win64; x64) AppleWebKit/537.36 (KHTML, like Gecko) Chrome/78.0.3904.108 Safari/537.36" "-"
146.70.205.0 - - [24/Feb/2024:14:13:20 -0500] "GET /login/news/wp-includes/wlwmanifest.xml HTTP/1.1" 404 75269 stagingdemo.info "-" "Mozilla/5.0 (Windows NT 10.0; Win64; x64) AppleWebKit/537.36 (KHTML, like Gecko) Chrome/78.0.3904.108 Safari/537.36" "-"
146.70.205.0 - - [24/Feb/2024:14:13:21 -0500] "GET /login/test/wp-includes/wlwmanifest.xml HTTP/1.1" 404 75273 stagingdemo.info "-" "Mozilla/5.0 (Windows NT 10.0; Win64; x64) AppleWebKit/537.36 (KHTML, like Gecko) Chrome/78.0.3904.108 Safari/537.36" "-"
146.70.205.0 - - [24/Feb/2024:14:13:21 -0500] "GET /login/2018/wp-includes/wlwmanifest.xml HTTP/1.1" 404 75274 stagingdemo.info "-" "Mozilla/5.0 (Windows NT 10.0; Win64; x64) AppleWebKit/537.36 (KHTML, like Gecko) Chrome/78.0.3904.108 Safari/537.36" "-"
